2026-05-11 10:04:51,033 [INFO] utils.url_loader — URL loader: 1 entradas cargadas desde C:\Users\Usuario\Documents\comprobador de paginas web\data\urls.json
2026-05-11 10:04:51,033 [INFO] __main__ — Iniciando scraping de 1 URL(s).
2026-05-11 10:04:51,037 [INFO] scraper.context.scraper_context — Ejecutando [SeleniumStrategy] sobre: https://luisvilriv.github.io/
2026-05-11 10:04:51,037 [INFO] scraper.base.base_scraper — [SeleniumStrategy] Iniciando scraping → https://luisvilriv.github.io/
2026-05-11 10:05:07,962 [INFO] scraper.base.base_scraper — [SeleniumStrategy] Éxito en intento 1/3 → https://luisvilriv.github.io/
2026-05-11 10:05:07,963 [INFO] __main__ — Auto-deteccion: selenium funciono para https://luisvilriv.github.io/
2026-05-11 10:05:58,596 [INFO] utils.file_exporter — Resultados exportados (1 filas) → C:\Users\Usuario\Documents\comprobador de paginas web\data\output\results_20260511_100558.json
2026-05-11 10:05:58,596 [INFO] __main__ — Scraping finalizado. Exitosos: 1 | Errores: 0 | Fichero: C:\Users\Usuario\Documents\comprobador de paginas web\data\output\results_20260511_100558.json
2026-05-11 10:08:09,871 [WARNING] utils.url_loader — Entrada ignorada (URL inválida): {'id': 1, 'url': 'idisierasmus.eu', 'description': 'Página estática personal', 'active': True}
2026-05-11 10:08:09,871 [INFO] utils.url_loader — URL loader: 0 entradas cargadas desde C:\Users\Usuario\Documents\comprobador de paginas web\data\urls.json
2026-05-11 10:08:09,872 [WARNING] __main__ — No hay URLs activas en urls.json. Saliendo.
2026-05-11 10:09:01,449 [INFO] utils.url_loader — URL loader: 1 entradas cargadas desde C:\Users\Usuario\Documents\comprobador de paginas web\data\urls.json
2026-05-11 10:09:01,450 [INFO] __main__ — Iniciando scraping de 1 URL(s).
2026-05-11 10:09:01,453 [INFO] scraper.context.scraper_context — Ejecutando [SeleniumStrategy] sobre: https://idisierasmus.eu/
2026-05-11 10:09:01,454 [INFO] scraper.base.base_scraper — [SeleniumStrategy] Iniciando scraping → https://idisierasmus.eu/
2026-05-11 10:09:35,541 [WARNING] scraper.base.base_scraper — [SeleniumStrategy] Intento 1/3 fallido para https://idisierasmus.eu/: Timeout esperando body en https://idisierasmus.eu/
2026-05-11 10:09:52,512 [INFO] scraper.base.base_scraper — [SeleniumStrategy] Éxito en intento 2/3 → https://idisierasmus.eu/
2026-05-11 10:09:52,512 [INFO] __main__ — Auto-deteccion: selenium funciono para https://idisierasmus.eu/
2026-05-11 10:14:19,852 [INFO] utils.file_exporter — Resultados exportados (1 filas) → C:\Users\Usuario\Documents\comprobador de paginas web\data\output\results_20260511_101419.json
2026-05-11 10:14:19,852 [INFO] __main__ — Scraping finalizado. Exitosos: 1 | Errores: 0 | Fichero: C:\Users\Usuario\Documents\comprobador de paginas web\data\output\results_20260511_101419.json
2026-05-11 13:13:44,123 [INFO] utils.url_loader — URL loader: 1 entradas cargadas desde C:\Users\Usuario\Documents\comprobador de paginas web\data\urls.json
2026-05-11 13:13:44,123 [INFO] __main__ — Iniciando scraping de 1 URL(s).
2026-05-11 13:13:44,126 [INFO] scraper.context.scraper_context — Ejecutando [SeleniumStrategy] sobre: https://idisierasmus.eu/
2026-05-11 13:13:44,127 [INFO] scraper.base.base_scraper — [SeleniumStrategy] Iniciando scraping → https://idisierasmus.eu/
2026-05-11 13:14:08,472 [INFO] scraper.base.base_scraper — [SeleniumStrategy] Éxito en intento 1/3 → https://idisierasmus.eu/
2026-05-11 13:14:08,472 [INFO] __main__ — Auto-deteccion: selenium funciono para https://idisierasmus.eu/
2026-05-11 13:18:18,568 [INFO] utils.file_exporter — Resultados exportados (1 filas) → C:\Users\Usuario\Documents\comprobador de paginas web\data\output\results_20260511_131818.json
2026-05-11 13:18:18,568 [INFO] __main__ — Scraping finalizado. Exitosos: 1 | Errores: 0 | Fichero: C:\Users\Usuario\Documents\comprobador de paginas web\data\output\results_20260511_131818.json
2026-05-11 14:01:55,556 [INFO] utils.url_loader — URL loader: 1 entradas cargadas desde C:\Users\Usuario\Documents\comprobador de paginas web\data\urls.json
2026-05-11 14:01:55,583 [INFO] __main__ — Iniciando scraping de 1 URL(s).
2026-05-11 14:01:55,591 [INFO] scraper.context.scraper_context — Ejecutando [SeleniumStrategy] sobre: https://idisierasmus.eu/
2026-05-11 14:01:55,592 [INFO] scraper.base.base_scraper — [SeleniumStrategy] Iniciando scraping → https://idisierasmus.eu/
2026-05-11 14:04:02,662 [INFO] utils.url_loader — URL loader: 1 entradas cargadas desde C:\Users\Usuario\Documents\comprobador de paginas web\data\urls.json
2026-05-11 14:04:02,663 [INFO] __main__ — Iniciando scraping de 1 URL(s).
2026-05-11 14:04:02,667 [INFO] scraper.context.scraper_context — Ejecutando [SeleniumStrategy] sobre: https://idisierasmus.eu/
2026-05-11 14:04:02,667 [INFO] scraper.base.base_scraper — [SeleniumStrategy] Iniciando scraping → https://idisierasmus.eu/
2026-05-11 14:04:17,125 [INFO] scraper.base.base_scraper — [SeleniumStrategy] Éxito en intento 1/3 → https://idisierasmus.eu/
2026-05-11 14:04:17,125 [INFO] __main__ — Auto-deteccion: selenium funciono para https://idisierasmus.eu/
2026-05-11 14:08:54,131 [INFO] utils.file_exporter — Resultados exportados (1 filas) → C:\Users\Usuario\Documents\comprobador de paginas web\data\output\results_20260511_140854.json
2026-05-11 14:08:54,131 [INFO] __main__ — Scraping finalizado. Exitosos: 1 | Errores: 0 | Fichero: C:\Users\Usuario\Documents\comprobador de paginas web\data\output\results_20260511_140854.json
2026-05-11 14:18:49,509 [INFO] utils.url_loader — URL loader: 1 entradas cargadas desde C:\Users\Usuario\Documents\comprobador de paginas web\data\urls.json
2026-05-11 14:18:49,509 [INFO] __main__ — Iniciando scraping de 1 URL(s).
2026-05-11 14:18:49,513 [INFO] scraper.context.scraper_context — Ejecutando [SeleniumStrategy] sobre: https://idisierasmus.eu/
2026-05-11 14:18:49,513 [INFO] scraper.base.base_scraper — [SeleniumStrategy] Iniciando scraping → https://idisierasmus.eu/
2026-05-11 14:19:10,012 [INFO] scraper.base.base_scraper — [SeleniumStrategy] Éxito en intento 1/3 → https://idisierasmus.eu/
2026-05-11 14:19:10,012 [INFO] __main__ — Auto-deteccion: selenium funciono para https://idisierasmus.eu/
2026-05-11 14:23:34,471 [INFO] utils.file_exporter — Resultados exportados (1 filas) → C:\Users\Usuario\Documents\comprobador de paginas web\data\output\results_20260511_142334.json
2026-05-11 14:23:34,471 [INFO] __main__ — Scraping finalizado. Exitosos: 1 | Errores: 0 | Fichero: C:\Users\Usuario\Documents\comprobador de paginas web\data\output\results_20260511_142334.json
2026-05-11 14:24:37,109 [INFO] utils.url_loader — URL loader: 1 entradas cargadas desde C:\Users\Usuario\Documents\comprobador de paginas web\data\urls.json
2026-05-11 14:24:37,148 [INFO] __main__ — Iniciando scraping de 1 URL(s).
2026-05-11 14:24:37,156 [INFO] scraper.context.scraper_context — Ejecutando [SeleniumStrategy] sobre: https://idisierasmus.eu/
2026-05-11 14:24:37,157 [INFO] scraper.base.base_scraper — [SeleniumStrategy] Iniciando scraping → https://idisierasmus.eu/
2026-05-11 14:24:50,646 [INFO] scraper.base.base_scraper — [SeleniumStrategy] Éxito en intento 1/3 → https://idisierasmus.eu/
2026-05-11 14:24:50,647 [INFO] __main__ — Auto-deteccion: selenium funciono para https://idisierasmus.eu/
2026-05-11 14:29:17,711 [INFO] utils.file_exporter — Resultados exportados (1 filas) → C:\Users\Usuario\Documents\comprobador de paginas web\data\output\results_20260511_142917.json
2026-05-11 14:29:17,712 [INFO] __main__ — Scraping finalizado. Exitosos: 1 | Errores: 0 | Fichero: C:\Users\Usuario\Documents\comprobador de paginas web\data\output\results_20260511_142917.json
2026-05-12 08:41:46,526 [INFO] utils.url_loader — URL loader: 1 entradas cargadas desde C:\Users\Usuario\Documents\comprobador de paginas web\data\urls.json
2026-05-12 08:41:46,555 [INFO] __main__ — Iniciando scraping de 1 URL(s).
2026-05-12 08:41:46,560 [INFO] scraper.context.scraper_context — Ejecutando [SeleniumStrategy] sobre: https://idisierasmus.eu/
2026-05-12 08:41:46,561 [INFO] scraper.base.base_scraper — [SeleniumStrategy] Iniciando scraping → https://idisierasmus.eu/
2026-05-12 08:42:20,019 [INFO] scraper.base.base_scraper — [SeleniumStrategy] Éxito en intento 1/3 → https://idisierasmus.eu/
2026-05-12 08:42:20,020 [INFO] __main__ — Auto-deteccion: selenium funciono para https://idisierasmus.eu/
2026-05-12 08:47:11,908 [INFO] utils.file_exporter — Resultados exportados (1 filas) → C:\Users\Usuario\Documents\comprobador de paginas web\data\output\results_20260512_084711.json
2026-05-12 08:47:11,909 [INFO] __main__ — Scraping finalizado. Exitosos: 1 | Errores: 0 | Fichero: C:\Users\Usuario\Documents\comprobador de paginas web\data\output\results_20260512_084711.json
